[NbConvertApp] Converting notebook prova1.ipynb to notebook
Traceback (most recent call last):
  File "/vol/home/s4949404/miniconda3/envs/IDL2/lib/python3.12/site-packages/jupyter_core/utils/__init__.py", line 154, in wrapped
    asyncio.get_running_loop()
RuntimeError: no running event loop

During handling of the above exception, another exception occurred:

Traceback (most recent call last):
  File "/vol/home/s4949404/miniconda3/envs/IDL2/bin/jupyter-nbconvert", line 11, in <module>
    sys.exit(main())
             ^^^^^^
  File "/vol/home/s4949404/miniconda3/envs/IDL2/lib/python3.12/site-packages/jupyter_core/application.py", line 284, in launch_instance
    super().launch_instance(argv=argv, **kwargs)
  File "/vol/home/s4949404/miniconda3/envs/IDL2/lib/python3.12/site-packages/traitlets/config/application.py", line 1075, in launch_instance
    app.start()
  File "/vol/home/s4949404/miniconda3/envs/IDL2/lib/python3.12/site-packages/nbconvert/nbconvertapp.py", line 420, in start
    self.convert_notebooks()
  File "/vol/home/s4949404/miniconda3/envs/IDL2/lib/python3.12/site-packages/nbconvert/nbconvertapp.py", line 597, in convert_notebooks
    self.convert_single_notebook(notebook_filename)
  File "/vol/home/s4949404/miniconda3/envs/IDL2/lib/python3.12/site-packages/nbconvert/nbconvertapp.py", line 563, in convert_single_notebook
    output, resources = self.export_single_notebook(
                        ^^^^^^^^^^^^^^^^^^^^^^^^^^^^
  File "/vol/home/s4949404/miniconda3/envs/IDL2/lib/python3.12/site-packages/nbconvert/nbconvertapp.py", line 487, in export_single_notebook
    output, resources = self.exporter.from_filename(
                        ^^^^^^^^^^^^^^^^^^^^^^^^^^^^
  File "/vol/home/s4949404/miniconda3/envs/IDL2/lib/python3.12/site-packages/nbconvert/exporters/exporter.py", line 201, in from_filename
    return self.from_file(f, resources=resources, **kw)
           ^^^^^^^^^^^^^^^^^^^^^^^^^^^^^^^^^^^^^^^^^^^^
  File "/vol/home/s4949404/miniconda3/envs/IDL2/lib/python3.12/site-packages/nbconvert/exporters/exporter.py", line 220, in from_file
    return self.from_notebook_node(
           ^^^^^^^^^^^^^^^^^^^^^^^^
  File "/vol/home/s4949404/miniconda3/envs/IDL2/lib/python3.12/site-packages/nbconvert/exporters/notebook.py", line 36, in from_notebook_node
    nb_copy, resources = super().from_notebook_node(nb, resources, **kw)
                         ^^^^^^^^^^^^^^^^^^^^^^^^^^^^^^^^^^^^^^^^^^^^^^^
  File "/vol/home/s4949404/miniconda3/envs/IDL2/lib/python3.12/site-packages/nbconvert/exporters/exporter.py", line 154, in from_notebook_node
    nb_copy, resources = self._preprocess(nb_copy, resources)
                         ^^^^^^^^^^^^^^^^^^^^^^^^^^^^^^^^^^^^
  File "/vol/home/s4949404/miniconda3/envs/IDL2/lib/python3.12/site-packages/nbconvert/exporters/exporter.py", line 353, in _preprocess
    nbc, resc = preprocessor(nbc, resc)
                ^^^^^^^^^^^^^^^^^^^^^^^
  File "/vol/home/s4949404/miniconda3/envs/IDL2/lib/python3.12/site-packages/nbconvert/preprocessors/base.py", line 48, in __call__
    return self.preprocess(nb, resources)
           ^^^^^^^^^^^^^^^^^^^^^^^^^^^^^^
  File "/vol/home/s4949404/miniconda3/envs/IDL2/lib/python3.12/site-packages/nbconvert/preprocessors/execute.py", line 103, in preprocess
    self.preprocess_cell(cell, resources, index)
  File "/vol/home/s4949404/miniconda3/envs/IDL2/lib/python3.12/site-packages/nbconvert/preprocessors/execute.py", line 124, in preprocess_cell
    cell = self.execute_cell(cell, index, store_history=True)
           ^^^^^^^^^^^^^^^^^^^^^^^^^^^^^^^^^^^^^^^^^^^^^^^^^^
  File "/vol/home/s4949404/miniconda3/envs/IDL2/lib/python3.12/site-packages/jupyter_core/utils/__init__.py", line 158, in wrapped
    return loop.run_until_complete(inner)
           ^^^^^^^^^^^^^^^^^^^^^^^^^^^^^^
  File "/vol/home/s4949404/miniconda3/envs/IDL2/lib/python3.12/asyncio/base_events.py", line 678, in run_until_complete
    self.run_forever()
  File "/vol/home/s4949404/miniconda3/envs/IDL2/lib/python3.12/asyncio/base_events.py", line 645, in run_forever
    self._run_once()
  File "/vol/home/s4949404/miniconda3/envs/IDL2/lib/python3.12/asyncio/base_events.py", line 1961, in _run_once
    event_list = self._selector.select(timeout)
                 ^^^^^^^^^^^^^^^^^^^^^^^^^^^^^^
  File "/vol/home/s4949404/miniconda3/envs/IDL2/lib/python3.12/selectors.py", line 468, in select
    fd_event_list = self._selector.poll(timeout, max_ev)
                    ^^^^^^^^^^^^^^^^^^^^^^^^^^^^^^^^^^^^
KeyboardInterrupt
Task exception was never retrieved
future: <Task finished name='Task-13' coro=<NotebookClient.async_execute_cell() done, defined at /vol/home/s4949404/miniconda3/envs/IDL2/lib/python3.12/site-packages/nbclient/client.py:920> exception=CellExecutionError('An error occurred while executing the following cell:\n------------------\nwhile True:\n    if time.time()-start>60:\n        print ("finish")\n        print(time.time()-start)\n        break\n------------------\n\n\n\x1b[31m---------------------------------------------------------------------------\x1b[39m\n\x1b[31mKeyboardInterrupt\x1b[39m                         Traceback (most recent call last)\n\x1b[36mCell\x1b[39m\x1b[36m \x1b[39m\x1b[32mIn[3]\x1b[39m\x1b[32m, line 2\x1b[39m\n\x1b[32m      1\x1b[39m \x1b[38;5;28;01mwhile\x1b[39;00m \x1b[38;5;28;01mTrue\x1b[39;00m:\n\x1b[32m----> \x1b[39m\x1b[32m2\x1b[39m     \x1b[38;5;28;01mif\x1b[39;00m \x1b[43mtime\x1b[49m\x1b[43m.\x1b[49m\x1b[43mtime\x1b[49m\x1b[43m(\x1b[49m\x1b[43m)\x1b[49m-start>\x1b[32m60\x1b[39m:\n\x1b[32m      3\x1b[39m         \x1b[38;5;28mprint\x1b[39m (\x1b[33m"\x1b[39m\x1b[33mfinish\x1b[39m\x1b[33m"\x1b[39m)\n\x1b[32m      4\x1b[39m         \x1b[38;5;28mprint\x1b[39m(time.time()-start)\n\n\x1b[31mKeyboardInterrupt\x1b[39m: \n')>
Traceback (most recent call last):
  File "/vol/home/s4949404/miniconda3/envs/IDL2/lib/python3.12/site-packages/jupyter_core/utils/__init__.py", line 154, in wrapped
    asyncio.get_running_loop()
RuntimeError: no running event loop

During handling of the above exception, another exception occurred:

Traceback (most recent call last):
  File "/vol/home/s4949404/miniconda3/envs/IDL2/lib/python3.12/site-packages/nbclient/client.py", line 1062, in async_execute_cell
    await self._check_raise_for_error(cell, cell_index, exec_reply)
  File "/vol/home/s4949404/miniconda3/envs/IDL2/lib/python3.12/site-packages/nbclient/client.py", line 918, in _check_raise_for_error
    raise CellExecutionError.from_cell_and_msg(cell, exec_reply_content)
nbclient.exceptions.CellExecutionError: An error occurred while executing the following cell:
------------------
while True:
    if time.time()-start>60:
        print ("finish")
        print(time.time()-start)
        break
------------------


[31m---------------------------------------------------------------------------[39m
[31mKeyboardInterrupt[39m                         Traceback (most recent call last)
[36mCell[39m[36m [39m[32mIn[3][39m[32m, line 2[39m
[32m      1[39m [38;5;28;01mwhile[39;00m [38;5;28;01mTrue[39;00m:
[32m----> [39m[32m2[39m     [38;5;28;01mif[39;00m [43mtime[49m[43m.[49m[43mtime[49m[43m([49m[43m)[49m-start>[32m60[39m:
[32m      3[39m         [38;5;28mprint[39m ([33m"[39m[33mfinish[39m[33m"[39m)
[32m      4[39m         [38;5;28mprint[39m(time.time()-start)

[31mKeyboardInterrupt[39m: 

